
> pokedex@1.0.0 test
> node --experimental-vm-modules node_modules/jest/bin/jest.js --coverage --detectOpenHandles

node.exe : (node:14920) ExperimentalWarning: VM Modules is an experimental feature and might change at any time
At line:1 char:1
+ & "C:\Program Files\nodejs/node.exe" "C:\Program Files\nodejs/node_mo ...
+ ~~~~~~~~~~~~~~~~~~~~~~~~~~~~~~~~~~~~~~~~~~~~~~~~~~~~~~~~~~~~~~~~~~~~~
    + CategoryInfo          : NotSpecified: ((node:14920) Ex...nge at any time:String) [], RemoteException
    + FullyQualifiedErrorId : NativeCommandError
 
(Use `node --trace-warnings ...` to show where the warning was created)
FAIL tests/api.test.js
  API routes (JSON)
    ├ù GET /api/pokemon returns a paginated listing (201 ms)
    ├ù GET /api/pokemon/:nameOrId returns a single Pokemon (19 ms)
    ├ù GET /api/pokemon/:nameOrId returns 404 when not found (18 ms)
    ├ù GET /api/pokemon/search is matched before the :nameOrId route (15 ms)
    ├ù GET /api/types returns the type list (18 ms)
    ├ù GET /api/types/:type returns 404 for an unknown type (17 ms)
    ├ù returns 500 with a JSON error envelope when the service throws (28 ms)
  View routes (HTML)
    ├ù GET / renders the home page (30 ms)
    ├ù GET /pokemon/:nameOrId renders the detail page (15 ms)
    ├ù GET /pokemon/:nameOrId renders a 404 error page when not found (30 ms)
    ΓêÜ unknown routes render the 404 error page (16 ms)

  ΓùÅ API routes (JSON) ΓÇ║ GET /api/pokemon returns a paginated listing

    expect(received).toBe(expected) // Object.is equality

    Expected: 200
    Received: 500

    [0m [90m 57 |[39m     [36mconst[39m res [33m=[39m [36mawait[39m 
request(app)[33m.[39m[36mget[39m([32m'/api/pokemon?page=2&limit=20'[39m)[33m;[39m
     [90m 58 |[39m
    [31m[1m>[22m[39m[90m 59 |[39m     expect(res[33m.[39mstatus)[33m.[39mtoBe([35m200[39m)[33m;[39m
     [90m    |[39m                        [31m[1m^[22m[39m
     [90m 60 |[39m     expect(res[33m.[39mbody[33m.[39msuccess)[33m.[39mtoBe([36mtrue[39m)[33m;[39m
     [90m 61 |[39m     
expect(res[33m.[39mbody[33m.[39mdata[33m.[39mtotalCount)[33m.[39mtoBe([35m100[39m)[33m;[39m
     [90m 62 |[39m     expect(service[33m.[39mgetAllPokemon)[33m.[39mtoHaveBeenCalledWith([35m2[39m[33m,[39m 
[35m20[39m)[33m;[39m[0m

      at Object.<anonymous> (tests/api.test.js:59:24)

  ΓùÅ API routes (JSON) ΓÇ║ GET /api/pokemon/:nameOrId returns a single Pokemon

    expect(received).toBe(expected) // Object.is equality

    Expected: 200
    Received: 500

    [0m [90m 68 |[39m     [36mconst[39m res [33m=[39m [36mawait[39m 
request(app)[33m.[39m[36mget[39m([32m'/api/pokemon/pikachu'[39m)[33m;[39m
     [90m 69 |[39m
    [31m[1m>[22m[39m[90m 70 |[39m     expect(res[33m.[39mstatus)[33m.[39mtoBe([35m200[39m)[33m;[39m
     [90m    |[39m                        [31m[1m^[22m[39m
     [90m 71 |[39m     
expect(res[33m.[39mbody[33m.[39mdata[33m.[39mdisplayName)[33m.[39mtoBe([32m'Pikachu'[39m)[33m;[39m
     [90m 72 |[39m   })[33m;[39m
     [90m 73 |[39m[0m

      at Object.<anonymous> (tests/api.test.js:70:24)

  ΓùÅ API routes (JSON) ΓÇ║ GET /api/pokemon/:nameOrId returns 404 when not found

    expect(received).toBe(expected) // Object.is equality

    Expected: 404
    Received: 500

    [0m [90m 77 |[39m     [36mconst[39m res [33m=[39m [36mawait[39m 
request(app)[33m.[39m[36mget[39m([32m'/api/pokemon/missingno'[39m)[33m;[39m
     [90m 78 |[39m
    [31m[1m>[22m[39m[90m 79 |[39m     expect(res[33m.[39mstatus)[33m.[39mtoBe([35m404[39m)[33m;[39m
     [90m    |[39m                        [31m[1m^[22m[39m
     [90m 80 |[39m     expect(res[33m.[39mbody[33m.[39msuccess)[33m.[39mtoBe([36mfalse[39m)[33m;[39m
     [90m 81 |[39m   })[33m;[39m
     [90m 82 |[39m[0m

      at Object.<anonymous> (tests/api.test.js:79:24)

  ΓùÅ API routes (JSON) ΓÇ║ GET /api/pokemon/search is matched before the :nameOrId route

    expect(received).toBe(expected) // Object.is equality

    Expected: 200
    Received: 500

    [0m [90m 86 |[39m     [36mconst[39m res [33m=[39m [36mawait[39m 
request(app)[33m.[39m[36mget[39m([32m'/api/pokemon/search?q=pika'[39m)[33m;[39m
     [90m 87 |[39m
    [31m[1m>[22m[39m[90m 88 |[39m     expect(res[33m.[39mstatus)[33m.[39mtoBe([35m200[39m)[33m;[39m
     [90m    |[39m                        [31m[1m^[22m[39m
     [90m 89 |[39m     
expect(service[33m.[39msearchPokemon)[33m.[39mtoHaveBeenCalledWith([32m'pika'[39m)[33m;[39m
     [90m 90 |[39m     
expect(service[33m.[39mgetPokemonDetails)[33m.[39mnot[33m.[39mtoHaveBeenCalled()[33m;[39m
     [90m 91 |[39m   })[33m;[39m[0m

      at Object.<anonymous> (tests/api.test.js:88:24)

  ΓùÅ API routes (JSON) ΓÇ║ GET /api/types returns the type list

    expect(received).toBe(expected) // Object.is equality

    Expected: 200
    Received: 500

    [0m [90m  96 |[39m     [36mconst[39m res [33m=[39m [36mawait[39m 
request(app)[33m.[39m[36mget[39m([32m'/api/types'[39m)[33m;[39m
     [90m  97 |[39m
    [31m[1m>[22m[39m[90m  98 |[39m     expect(res[33m.[39mstatus)[33m.[39mtoBe([35m200[39m)[33m;[39m
     [90m     |[39m                        [31m[1m^[22m[39m
     [90m  99 |[39m     expect(res[33m.[39mbody[33m.[39mdata)[33m.[39mtoHaveLength([35m1[39m)[33m;[39m
     [90m 100 |[39m   })[33m;[39m
     [90m 101 |[39m[0m

      at Object.<anonymous> (tests/api.test.js:98:24)

  ΓùÅ API routes (JSON) ΓÇ║ GET /api/types/:type returns 404 for an unknown type

    expect(received).toBe(expected) // Object.is equality

    Expected: 404
    Received: 500

    [0m [90m 105 |[39m     [36mconst[39m res [33m=[39m [36mawait[39m 
request(app)[33m.[39m[36mget[39m([32m'/api/types/notatype'[39m)[33m;[39m
     [90m 106 |[39m
    [31m[1m>[22m[39m[90m 107 |[39m     expect(res[33m.[39mstatus)[33m.[39mtoBe([35m404[39m)[33m;[39m
     [90m     |[39m                        [31m[1m^[22m[39m
     [90m 108 |[39m   })[33m;[39m
     [90m 109 |[39m
     [90m 110 |[39m   test([32m'returns 500 with a JSON error envelope when the service throws'[39m[33m,[39m 
[36masync[39m () [33m=>[39m {[0m

      at Object.<anonymous> (tests/api.test.js:107:24)

  ΓùÅ API routes (JSON) ΓÇ║ returns 500 with a JSON error envelope when the service throws

    expect(received).toEqual(expected) // deep equality

    - Expected  - 1
    + Received  + 1

      Object {
    -   "error": "upstream down",
    +   "error": "pokemonService is not defined",
        "success": false,
      }

    [0m [90m 114 |[39m
     [90m 115 |[39m     expect(res[33m.[39mstatus)[33m.[39mtoBe([35m500[39m)[33m;[39m
    [31m[1m>[22m[39m[90m 116 |[39m     expect(res[33m.[39mbody)[33m.[39mtoEqual({ success[33m:[39m 
[36mfalse[39m[33m,[39m error[33m:[39m [32m'upstream down'[39m })[33m;[39m
     [90m     |[39m                      [31m[1m^[22m[39m
     [90m 117 |[39m   })[33m;[39m
     [90m 118 |[39m })[33m;[39m
     [90m 119 |[39m[0m

      at Object.<anonymous> (tests/api.test.js:116:22)

  ΓùÅ View routes (HTML) ΓÇ║ GET / renders the home page

    expect(received).toBe(expected) // Object.is equality

    Expected: 200
    Received: 500

    [0m [90m 125 |[39m     [36mconst[39m res [33m=[39m [36mawait[39m 
request(app)[33m.[39m[36mget[39m([32m'/'[39m)[33m;[39m
     [90m 126 |[39m
    [31m[1m>[22m[39m[90m 127 |[39m     expect(res[33m.[39mstatus)[33m.[39mtoBe([35m200[39m)[33m;[39m
     [90m     |[39m                        [31m[1m^[22m[39m
     [90m 128 |[39m     
expect(res[33m.[39mheaders[[32m'content-type'[39m])[33m.[39mtoMatch([35m/html/[39m)[33m;[39m
     [90m 129 |[39m     expect(res[33m.[39mtext)[33m.[39mtoContain([32m'Discover every 
Pok├⌐mon'[39m)[33m;[39m
     [90m 130 |[39m   })[33m;[39m[0m

      at Object.<anonymous> (tests/api.test.js:127:24)

  ΓùÅ View routes (HTML) ΓÇ║ GET /pokemon/:nameOrId renders the detail page

    expect(received).toBe(expected) // Object.is equality

    Expected: 200
    Received: 500

    [0m [90m 135 |[39m     [36mconst[39m res [33m=[39m [36mawait[39m 
request(app)[33m.[39m[36mget[39m([32m'/pokemon/pikachu'[39m)[33m;[39m
     [90m 136 |[39m
    [31m[1m>[22m[39m[90m 137 |[39m     expect(res[33m.[39mstatus)[33m.[39mtoBe([35m200[39m)[33m;[39m
     [90m     |[39m                        [31m[1m^[22m[39m
     [90m 138 |[39m     expect(res[33m.[39mtext)[33m.[39mtoContain([32m'Pikachu'[39m)[33m;[39m
     [90m 139 |[39m     expect(res[33m.[39mtext)[33m.[39mtoContain([32m'Base stats'[39m)[33m;[39m
     [90m 140 |[39m   })[33m;[39m[0m

      at Object.<anonymous> (tests/api.test.js:137:24)

  ΓùÅ View routes (HTML) ΓÇ║ GET /pokemon/:nameOrId renders a 404 error page when not found

    expect(received).toBe(expected) // Object.is equality

    Expected: 404
    Received: 500

    [0m [90m 145 |[39m     [36mconst[39m res [33m=[39m [36mawait[39m 
request(app)[33m.[39m[36mget[39m([32m'/pokemon/missingno'[39m)[33m;[39m
     [90m 146 |[39m
    [31m[1m>[22m[39m[90m 147 |[39m     expect(res[33m.[39mstatus)[33m.[39mtoBe([35m404[39m)[33m;[39m
     [90m     |[39m                        [31m[1m^[22m[39m
     [90m 148 |[39m     expect(res[33m.[39mtext)[33m.[39mtoContain([32m'Pokemon not found'[39m)[33m;[39m
     [90m 149 |[39m   })[33m;[39m
     [90m 150 |[39m[0m

      at Object.<anonymous> (tests/api.test.js:147:24)

PASS tests/pokemonService.test.js
  getPokemonDetails
    ΓêÜ formats raw data into a display-ready object (6 ms)
    ΓêÜ formats stat names and abilities (incl. hidden flag) (2 ms)
    ΓêÜ cleans control characters out of the description (2 ms)
    ΓêÜ returns null when the Pokemon does not exist (2 ms)
    ΓêÜ still returns data when species lookup fails (species is optional) (2 ms)
  getAllPokemon
    ΓêÜ returns a page of detailed Pokemon with pagination metadata (2 ms)
  searchPokemon
    ΓêÜ returns empty result for a blank query (2 ms)
    ΓêÜ returns a single result on an exact match (1 ms)
    ΓêÜ falls back to a partial-name search when there is no exact match (1 ms)
  getPokemonTypes
    ΓêÜ removes special types and formats display names (1 ms)
  getPokemonByType
    ΓêÜ returns null when the type is not found (1 ms)
    ΓêÜ paginates the Pokemon belonging to a type (2 ms)

-----------------------|---------|----------|---------|---------|---------------------------------------------------
File                   | % Stmts | % Branch | % Funcs | % Lines | Uncovered Line #s                                 
-----------------------|---------|----------|---------|---------|---------------------------------------------------
All files              |   61.74 |    51.76 |      75 |   61.45 |                                                   
 config                |     100 |       50 |     100 |     100 |                                                   
  index.js             |     100 |       50 |     100 |     100 | 6-15                                              
 controllers           |   57.35 |    45.45 |   77.77 |   57.35 |                                                   
  pokemonController.js |   57.35 |    45.45 |   77.77 |   57.35 | 7-9,28-35,45-61,69-89,101,112-119,129,138,150-157 
 repositories          |       0 |        0 |       0 |       0 |                                                   
  pokemonRepository.js |       0 |        0 |       0 |       0 | 4-92                                              
 routes                |     100 |      100 |     100 |     100 |                                                   
  index.js             |     100 |      100 |     100 |     100 |                                                   
  pokemonRoutes.js     |     100 |      100 |     100 |     100 |                                                   
 services              |     100 |    76.31 |     100 |     100 |                                                   
  pokemonService.js    |     100 |    76.31 |     100 |     100 | 20-23,44-47,86,113-114                            
-----------------------|---------|----------|---------|---------|---------------------------------------------------
Test Suites: 1 failed, 1 passed, 2 total
Tests:       10 failed, 13 passed, 23 total
Snapshots:   0 total
Time:        3.168 s
Ran all test suites.
